// Jest Snapshot v1, https://goo.gl/fbAQLP

exports[`BTree input [1,2,3,4,5,6,7,8,9,10] should return [1,2,3,4,5,6,7,8,9,10] in mid order 1`] = `
BTree {
  "data": 5,
  "lChild": BTree {
    "data": 2,
    "lChild": BTree {
      "data": 1,
      "lChild": null,
      "rChild": null,
    },
    "rChild": BTree {
      "data": 3,
      "lChild": null,
      "rChild": BTree {
        "data": 4,
        "lChild": null,
        "rChild": null,
      },
    },
  },
  "rChild": BTree {
    "data": 8,
    "lChild": BTree {
      "data": 6,
      "lChild": null,
      "rChild": BTree {
        "data": 7,
        "lChild": null,
        "rChild": null,
      },
    },
    "rChild": BTree {
      "data": 9,
      "lChild": null,
      "rChild": BTree {
        "data": 10,
        "lChild": null,
        "rChild": null,
      },
    },
  },
}
`;
