// Jest Snapshot v1, https://goo.gl/fbAQLP

exports[`Queue should create a queue 1`] = `
Queue {
  "pEnd": null,
  "pHead": null,
}
`;
