// Jest Snapshot v1, https://goo.gl/fbAQLP

exports[`near k reverse k === 2 should return 2,1,4,3,6,5,7 1`] = `
LNode {
  "data": 0,
  "next": LNode {
    "data": 2,
    "next": LNode {
      "data": 1,
      "next": LNode {
        "data": 4,
        "next": LNode {
          "data": 3,
          "next": LNode {
            "data": 6,
            "next": LNode {
              "data": 5,
              "next": LNode {
                "data": 7,
                "next": null,
              },
            },
          },
        },
      },
    },
  },
}
`;

exports[`near k reverse k === 3 should return 3,2,1,6,5,4,7 1`] = `
LNode {
  "data": 0,
  "next": LNode {
    "data": 3,
    "next": LNode {
      "data": 2,
      "next": LNode {
        "data": 1,
        "next": LNode {
          "data": 6,
          "next": LNode {
            "data": 5,
            "next": LNode {
              "data": 4,
              "next": LNode {
                "data": 7,
                "next": null,
              },
            },
          },
        },
      },
    },
  },
}
`;
